// Jest Snapshot v1, https://goo.gl/fbAQLP

exports[`hash Computes an empty nullifier hash  1`] = `"0x066e6cdc4a6ba5e4781deda650b0be6c12f975f064fc38df72c1060716759b17"`;

exports[`hash Computes an empty sideeffect hash  1`] = `"0x27b1d0839a5b23baf12a8d195b18ac288fcf401afb2f70b8a4b529ede5fa9fed"`;

exports[`hash Var args hash matches noir 1`] = `Fr<0x05a1023fef839ac88731f49ae983e172c1b600a3c8f3393ad0ac25d819ac0f0f>`;

exports[`hash compute secret message hash 1`] = `Fr<0x0dc06f2167e2cd19adf738d1f38469d7f8bff1e26b029816e8230bcd6ab6332e>`;

exports[`hash computes commitment nonce 1`] = `Fr<0x148c4666e2c5bce33dc53b30430808464f7ed76b28daf8a36722e93b49a31a5e>`;

exports[`hash computes public data tree leaf slot 1`] = `Fr<0x14114ab3dbdd0a1ccc5c4fe68dd576f3c6cd79708770e06ab4086398cdd828f4>`;

exports[`hash computes public data tree value 1`] = `Fr<0x0000000000000000000000000000000000000000000000000000000000000003>`;

exports[`hash computes siloed commitment 1`] = `Fr<0x148c4666e2c5bce33dc53b30430808464f7ed76b28daf8a36722e93b49a31a5e>`;

exports[`hash computes siloed nullifier 1`] = `Fr<0x148c4666e2c5bce33dc53b30430808464f7ed76b28daf8a36722e93b49a31a5e>`;

exports[`hash computes unique commitment 1`] = `Fr<0x148c4666e2c5bce33dc53b30430808464f7ed76b28daf8a36722e93b49a31a5e>`;

exports[`hash hashes VK 1`] = `Buffer<0x048110667f80b02f77b7d744976657cea9a7c5f1dd2340ea1c579a7ebfd54e55>`;

exports[`hash hashes empty function args 1`] = `Fr<0x0000000000000000000000000000000000000000000000000000000000000000>`;

exports[`hash hashes function args 1`] = `Fr<0x1a76e9750a1493d95ce48be1fa31831fc370d7e68f563fe5c781c6f58e1f1eac>`;

exports[`hash hashes many function args 1`] = `Fr<0x21e37f4da2762d4daff39c2337d812b9c7b9c46aa9fafdf666d7d7fd9935d124>`;
