// Jest Snapshot v1, https://goo.gl/fbAQLP

exports[`GasToken returns canonical protocol contract 1`] = `
{
  "address": AztecAddress<0x2be073a97730b61e19bf6f6648413d9abab90ef065ea7c149a1d8f7635aec291>,
  "instance": {
    "address": AztecAddress<0x2be073a97730b61e19bf6f6648413d9abab90ef065ea7c149a1d8f7635aec291>,
    "contractClassId": Fr<0x2c6b365b1dc110add3663a88aa076b36b7237d676a68bb9d44cf2e8a8b04e86e>,
    "initializationHash": Fr<0x0bf6e812f14bb029f7cb9c8da8367dd97c068e788d4f21007fd97014eba8cf9f>,
    "portalContractAddress": EthAddress<0x0000000000000000000000000000000000000000>,
    "publicKeysHash": Fr<0x27b1d0839a5b23baf12a8d195b18ac288fcf401afb2f70b8a4b529ede5fa9fed>,
    "salt": Fr<0x0000000000000000000000000000000000000000000000000000000000000001>,
    "version": 1,
  },
}
`;

exports[`GasToken returns canonical protocol contract 2`] = `
{
  "artifactHash": Fr<0x076fb6d7493b075a880eeed90fec7c4c01e0a24d442522449e4d56c26357205f>,
  "id": Fr<0x2c6b365b1dc110add3663a88aa076b36b7237d676a68bb9d44cf2e8a8b04e86e>,
  "privateFunctions": [
    {
      "isInternal": false,
      "selector": Selector<0x90fa17bb>,
      "vkHash": Fr<0x0000000000000000000000000000000000000000000000000000000000000000>,
    },
  ],
  "privateFunctionsRoot": Fr<0x13b29c3f4a96eb14d5d3539a6308ff9736ad5d67e3f61ffbb7da908e14980828>,
  "publicBytecodeCommitment": Fr<0x023582901a973bf0180121fd7d5f1055edf9424f60735ee900f05522fbe7df61>,
  "version": 1,
}
`;

exports[`GasToken returns canonical protocol contract 3`] = `
[
  {
    "isInternal": false,
    "selector": Selector<0x0b5879db>,
  },
  {
    "isInternal": false,
    "selector": Selector<0x69e04dfd>,
  },
  {
    "isInternal": false,
    "selector": Selector<0x6bfd1d5b>,
  },
  {
    "isInternal": false,
    "selector": Selector<0xcbfc21a6>,
  },
]
`;
