// Jest Snapshot v1, https://goo.gl/fbAQLP

exports[`FunctionData computes empty inputs hash 1`] = `Fr<0x2a5de47ed300af27b706aaa14762fc468f5cfc16cd8116eb6b09b0f2643ca2b9>`;
