// Jest Snapshot v1, https://goo.gl/fbAQLP

exports[`Header computes empty hash 1`] = `Fr<0x252875d79a57f3835f452548af60c7beee6ac01a1c36bb6aec7ce6d069011acc>`;

exports[`Header computes hash 1`] = `Fr<0x111c6105d99e6850c1383be385d8515836fdecc19b1000c90c6225b682863ea0>`;
