// Jest Snapshot v1, https://goo.gl/fbAQLP

exports[`PrivateCallStackItem computes empty item hash 1`] = `
Fr {
  "asBigInt": 20267366728576864069529726487978019923319953184782209939592710322850669803847n,
  "asBuffer": {
    "data": [
      44,
      206,
      236,
      77,
      71,
      92,
      25,
      60,
      89,
      112,
      122,
      3,
      219,
      27,
      77,
      113,
      172,
      96,
      154,
      7,
      181,
      187,
      153,
      89,
      168,
      186,
      168,
      46,
      83,
      36,
      57,
      71,
    ],
    "type": "Buffer",
  },
}
`;

exports[`PrivateCallStackItem computes hash 1`] = `
Fr {
  "asBigInt": 11327339024212090317606314356820803187475202852315413348268596742641234555252n,
  "asBuffer": {
    "data": [
      25,
      11,
      11,
      243,
      203,
      152,
      55,
      127,
      251,
      67,
      196,
      51,
      222,
      45,
      204,
      252,
      252,
      137,
      43,
      241,
      182,
      2,
      144,
      145,
      187,
      192,
      149,
      82,
      84,
      77,
      49,
      116,
    ],
    "type": "Buffer",
  },
}
`;
