// Jest Snapshot v1, https://goo.gl/fbAQLP

exports[`PrivateCircuitPublicInputs computes empty inputs hash 1`] = `
Fr {
  "asBigInt": 36201308870743889455628170456695059384947167607123587727817094546967080229n,
  "asBuffer": {
    "data": [
      0,
      20,
      125,
      61,
      44,
      222,
      8,
      238,
      16,
      70,
      191,
      115,
      203,
      102,
      100,
      194,
      189,
      241,
      27,
      67,
      197,
      220,
      160,
      231,
      47,
      65,
      55,
      243,
      84,
      189,
      173,
      37,
    ],
    "type": "Buffer",
  },
}
`;

exports[`PrivateCircuitPublicInputs hash matches snapshot 1`] = `
Fr {
  "asBigInt": 14309687152667562698638199324002707520157726931770093118457715022641144246548n,
  "asBuffer": {
    "data": [
      31,
      162,
      254,
      244,
      2,
      200,
      146,
      61,
      108,
      57,
      223,
      167,
      230,
      206,
      179,
      193,
      49,
      233,
      116,
      186,
      116,
      128,
      0,
      82,
      223,
      58,
      68,
      208,
      64,
      7,
      177,
      20,
    ],
    "type": "Buffer",
  },
}
`;
