// Jest Snapshot v1, https://goo.gl/fbAQLP

exports[`PublicCallStackItem Computes a callstack item hash 1`] = `"0x03e84ccb5ced9e57f185dcc354ac1302ee25290b3234f22bcad36651b8098d9d"`;

exports[`PublicCallStackItem Computes a callstack item request hash 1`] = `"0x07ce89e72aa3644636e9a125b594fa1d33da3024587118dd2288faa2f4605d07"`;

exports[`PublicCallStackItem computes hash 1`] = `Fr<0x0d3ba48bd3ee1cda25de2a1fca62695c0ac7be0ce90aa6dc56e0a977c741f661>`;
