// Jest Snapshot v1, https://goo.gl/fbAQLP

exports[`TxContext computes empty hash 1`] = `Fr<0x20be000d93b852c82d4e02c94e9e61fa3a0e79949aac3af4010620651d416134>`;
