// Jest Snapshot v1, https://goo.gl/fbAQLP

exports[`TxRequest compute hash 1`] = `"0x2ab8dbbd2d8bf15940d4c9f98394ecec9ad78deded4dbef1ea22253e0606beba"`;
