// Jest Snapshot v1, https://goo.gl/fbAQLP

exports[`ContractAddress Address from partial matches Noir 1`] = `"0x1aa3f32cb0a5491c696519d83d9e82bb1d7bef8e7d427e1c96258044eef88193"`;

exports[`ContractAddress Public key hash matches Noir 1`] = `"0x038682aa1cb5ae4e0a3f13da432a95c77c5c111f6f030faf9cad641ce1ed7383"`;

exports[`ContractAddress computeContractAddressFromInstance 1`] = `"0x029169f8a5b79aa15e9d142c4589acf9f4355009d9a71c880bf6cc58432589ce"`;

exports[`ContractAddress computeInitializationHash 1`] = `Fr<0x103e917550daab70bd234e402b952b9d5a5bd01bbce1402ca474a595c2cad9a7>`;

exports[`ContractAddress computePartialAddress 1`] = `Fr<0x038682aa1cb5ae4e0a3f13da432a95c77c5c111f6f030faf9cad641ce1ed7383>`;

exports[`ContractAddress computeSaltedInitializationHash 1`] = `Fr<0x0a53b14ac748b2d9d50aa6f5b8bc8cbda6bb256a026d5b2765f9714115bcdc0a>`;
